archcorp.contracts.domain:4 -> archcorp.exceptions ['InvalidStateError']
archcorp.contracts.models:8 -> archcorp.infrastructure.db ['Base']
archcorp.contracts.routes:13 -> archcorp.infrastructure.db ['get_session']
archcorp.contracts.routes:14 -> archcorp.observability ['correlation_id_var']
archcorp.contracts.routes:15 -> archcorp.schemas ['EXAMPLE_CONTRACT_DRAFT_RESPONSE', 'EXAMPLE_CONTRACT_ID', 'EXAMPLE_CUSTOMER_ID', 'IDEMPOTENCY_KEY_MAX_LENGTH']
archcorp.contracts.routes:16 -> archcorp.security ['require_roles']
archcorp.contracts.service:9 -> archcorp.crm.public ['CustomerData', 'CustomerReader'] <== CROSS-CONTEXT
archcorp.contracts.service:10 -> archcorp.exceptions ['BusinessRuleError', 'ConflictError', 'InvalidStateError', 'NotFoundError']
archcorp.contracts.service:11 -> archcorp.integration.models ['IdempotencyRecord'] <== CROSS-CONTEXT (MODELS)
archcorp.contracts.service:12 -> archcorp.integration.service ['IdempotencyStore', 'audit', 'enqueue'] <== CROSS-CONTEXT
archcorp.crm.models:6 -> archcorp.infrastructure.db ['Base']
archcorp.crm.routes:10 -> archcorp.infrastructure.db ['get_session']
archcorp.crm.routes:11 -> archcorp.observability ['correlation_id_var']
archcorp.crm.routes:12 -> archcorp.schemas ['EXAMPLE_CUSTOMER_ID', 'EXAMPLE_CUSTOMER_RESPONSE', 'CustomerCreate', 'CustomerResponse', 'CustomerUpdate', 'Name']
archcorp.crm.routes:13 -> archcorp.security ['require_roles']
archcorp.crm.service:6 -> archcorp.exceptions ['ConflictError', 'InvalidStateError', 'NotFoundError']
archcorp.crm.service:7 -> archcorp.integration.service ['LegacyIdService', 'audit', 'enqueue'] <== CROSS-CONTEXT
archcorp.errors:17 -> archcorp.exceptions ['DomainError']
archcorp.errors:18 -> archcorp.observability ['correlation_id_var', 'logger']
archcorp.finance.models:8 -> archcorp.infrastructure.db ['Base']
archcorp.finance.routes:12 -> archcorp.infrastructure.db ['get_session']
archcorp.finance.routes:13 -> archcorp.security ['require_roles']
archcorp.finance.service:7 -> archcorp.integration.service ['audit'] <== CROSS-CONTEXT
archcorp.infrastructure.db:6 -> archcorp.config ['settings']
archcorp.integration.models:7 -> archcorp.infrastructure.db ['Base']
archcorp.integration.service:8 -> archcorp.config ['settings']
archcorp.integration.service:9 -> archcorp.exceptions ['ConflictError', 'IdempotencyConflictError']
archcorp.integration.service:11 -> archcorp.observability ['COUNTERS', 'logger']
archcorp.main:11 -> archcorp.contracts.routes ['configure', 'router']
archcorp.main:12 -> archcorp.contracts.service ['ContractService']
archcorp.main:13 -> archcorp.crm.service ['CustomerService']
archcorp.main:14 -> archcorp.crm.routes ['router']
archcorp.main:15 -> archcorp.errors ['install_problem_openapi', 'problem_content', 'problem_example', 'problem_response', 'register_error_handlers']
archcorp.main:22 -> archcorp.finance.service ['count_invoices', 'handle_contract_activated']
archcorp.main:23 -> archcorp.finance.routes ['router']
archcorp.main:24 -> archcorp.infrastructure.db ['engine', 'get_session', 'protect_public_demo_tables']
archcorp.main:25 -> archcorp.infrastructure.migrate ['upgrade_to_head']
archcorp.main:26 -> archcorp.integration.models ['AuditLog', 'OutboxEvent'] <== COMPOSICAO LE MODELS
archcorp.main:27 -> archcorp.integration.service ['EventDispatcher', 'LegacyIdService', 'audit']
archcorp.main:28 -> archcorp.observability ['correlation_id_var', 'logger', 'metrics_middleware', 'render_metrics']
archcorp.main:29 -> archcorp.schemas ['EXAMPLE_CONTRACT_ACTIVATED_RESPONSE', 'EXAMPLE_CONTRACT_DRAFT_RESPONSE', 'EXAMPLE_CONTRACT_EVENT_ID', 'EXAMPLE_CONTRACT_ID', 'EXAMPLE_CORRELATION_ID', 'EXAMPLE_PENDING_TICKET_RESPONSE', 'EXAMPLE_TICKET_RESPONSE', 'IDEMPOTENCY_KEY_MAX_LENGTH', 'ContractActivationResponse', 'ContractDraftCreate', 'ContractDraftResponse', 'DemoStateResponse', 'DispatchResponse', 'HealthResponse', 'LegacyIdResponse', 'EntitlementResponse', 'FailureResponse', 'OperationTraceResponse', 'ReprocessResponse', 'TicketCreate', 'TicketResponse']
archcorp.main:52 -> archcorp.security ['require_roles']
archcorp.main:53 -> archcorp.config ['settings']
archcorp.main:54 -> archcorp.support.service ['TicketService']
archcorp.main:55 -> archcorp.support.routes ['router']
archcorp.main:56 -> archcorp.workflow.routes ['router']
archcorp.main:57 -> archcorp.workflow.service ['count_processes', 'handle_contract_activated', 'handle_contract_closed', 'handle_ticket_opened', 'handle_ticket_entitlement_reconciled', 'handle_ticket_resolved']
archcorp.security:7 -> archcorp.config ['settings']
archcorp.support.models:7 -> archcorp.infrastructure.db ['Base']
archcorp.support.routes:10 -> archcorp.infrastructure.db ['get_session']
archcorp.support.routes:11 -> archcorp.integration.service ['audit', 'enqueue'] <== CROSS-CONTEXT
archcorp.support.routes:12 -> archcorp.observability ['correlation_id_var']
archcorp.support.routes:13 -> archcorp.schemas ['EXAMPLE_TICKET_RESPONSE']
archcorp.support.routes:14 -> archcorp.security ['require_roles']
archcorp.support.service:6 -> archcorp.config ['settings']
archcorp.support.service:7 -> archcorp.contracts.public ['ContractEntitlementPort'] <== CROSS-CONTEXT
archcorp.support.service:8 -> archcorp.exceptions ['BusinessRuleError', 'IdempotencyConflictError', 'InvalidStateError', 'NotFoundError']
archcorp.support.service:9 -> archcorp.integration.models ['IdempotencyRecord'] <== CROSS-CONTEXT (MODELS)
archcorp.support.service:10 -> archcorp.integration.service ['audit', 'enqueue'] <== CROSS-CONTEXT
archcorp.workflow.models:7 -> archcorp.infrastructure.db ['Base']
archcorp.workflow.routes:10 -> archcorp.infrastructure.db ['get_session']
archcorp.workflow.routes:11 -> archcorp.security ['require_roles']
archcorp.workflow.service:6 -> archcorp.integration.service ['audit'] <== CROSS-CONTEXT

== dependencias de framework por arquivo ==
src/archcorp/__init__.py []
src/archcorp/config.py ['pydantic']
src/archcorp/contracts/__init__.py []
src/archcorp/contracts/domain.py []
src/archcorp/contracts/models.py ['sqlalchemy']
src/archcorp/contracts/public.py ['sqlalchemy']
src/archcorp/contracts/routes.py ['fastapi', 'sqlalchemy', 'pydantic']
src/archcorp/contracts/service.py ['sqlalchemy']
src/archcorp/crm/__init__.py []
src/archcorp/crm/models.py ['sqlalchemy']
src/archcorp/crm/public.py ['sqlalchemy']
src/archcorp/crm/routes.py ['fastapi', 'sqlalchemy', 'pydantic']
src/archcorp/crm/service.py ['sqlalchemy']
src/archcorp/errors.py ['fastapi', 'sqlalchemy', 'pydantic']
src/archcorp/exceptions.py []
src/archcorp/finance/__init__.py []
src/archcorp/finance/models.py ['sqlalchemy']
src/archcorp/finance/routes.py ['fastapi', 'sqlalchemy', 'pydantic']
src/archcorp/finance/service.py ['sqlalchemy']
src/archcorp/infrastructure/__init__.py []
src/archcorp/infrastructure/db.py ['sqlalchemy']
src/archcorp/infrastructure/migrate.py ['sqlalchemy']
src/archcorp/integration/__init__.py []
src/archcorp/integration/models.py ['sqlalchemy']
src/archcorp/integration/service.py ['sqlalchemy', 'pika']
src/archcorp/main.py ['fastapi', 'sqlalchemy']
src/archcorp/observability.py ['fastapi']
src/archcorp/schemas.py ['pydantic']
src/archcorp/security.py ['fastapi']
src/archcorp/support/__init__.py []
src/archcorp/support/models.py ['sqlalchemy']
src/archcorp/support/routes.py ['fastapi', 'sqlalchemy', 'pydantic']
src/archcorp/support/service.py ['sqlalchemy']
src/archcorp/workflow/__init__.py []
src/archcorp/workflow/models.py ['sqlalchemy']
src/archcorp/workflow/routes.py ['fastapi', 'sqlalchemy', 'pydantic']
src/archcorp/workflow/service.py ['sqlalchemy']
