rotas reais: 49 operacoes no openapi.yaml: 49
so no codigo: []
so no doc: []
openapi gerado == salvo: True
DELETE /api/v1/crm/contacts/{contact_id}                            status=204 Idempotency-Key=nao required=[] responses=['204', '401', '403', '404', '422']
PATCH  /api/v1/crm/contacts/{contact_id}                            status=None Idempotency-Key=nao required=[] responses=['200', '401', '403', '404', '409', '422']
PATCH  /api/v1/crm/customers/{customer_id}                          status=None Idempotency-Key=nao required=[] responses=['200', '401', '403', '404', '409', '422']
PATCH  /api/v1/crm/opportunities/{opportunity_id}                   status=None Idempotency-Key=nao required=[] responses=['200', '401', '403', '404', '409', '422']
PATCH  /api/v1/workflow/tasks/{task_id}                             status=None Idempotency-Key=nao required=[] responses=['200', '401', '403', '404', '409', '422']
POST   /api/v1/contracts/drafts                                     status=201 Idempotency-Key=sim required=[True] responses=['201', '400', '401', '403', '409', '422']
POST   /api/v1/contracts/reservations                               status=201 Idempotency-Key=sim required=[False] responses=['201', '401', '403', '404', '409', '422']
POST   /api/v1/contracts/reservations/{reservation_id}/cancel       status=None Idempotency-Key=nao required=[] responses=['200', '401', '403', '404', '409', '422']
POST   /api/v1/contracts/reservations/{reservation_id}/draft        status=None Idempotency-Key=sim required=[True] responses=['200', '401', '403', '404', '409', '422']
POST   /api/v1/contracts/{contract_id}/activate                     status=None Idempotency-Key=sim required=[True] responses=['200', '400', '401', '403', '404', '409', '422']
POST   /api/v1/contracts/{contract_id}/close                        status=None Idempotency-Key=sim required=[False] responses=['200', '401', '403', '404', '409', '422']
POST   /api/v1/crm/contacts                                         status=201 Idempotency-Key=nao required=[] responses=['201', '401', '403', '404', '409', '422']
POST   /api/v1/crm/customers                                        status=201 Idempotency-Key=nao required=[] responses=['201', '401', '403', '409', '422']
POST   /api/v1/crm/customers/{customer_id}/deactivate               status=None Idempotency-Key=nao required=[] responses=['200', '401', '403', '404', '422']
POST   /api/v1/crm/opportunities                                    status=201 Idempotency-Key=nao required=[] responses=['201', '401', '403', '404', '422']
POST   /api/v1/finance/invoices/{invoice_id}/payments               status=201 Idempotency-Key=nao required=[] responses=['201', '401', '403', '404', '409', '422']
POST   /api/v1/integration/failures/{event_id}/reprocess            status=None Idempotency-Key=nao required=[] responses=['200', '400', '401', '403', '404', '422']
POST   /api/v1/integration/outbox/dispatch                          status=None Idempotency-Key=nao required=[] responses=['200', '400', '401', '403']
POST   /api/v1/support/tickets                                      status=201 Idempotency-Key=sim required=[True] responses=['201', '400', '401', '403', '409', '422']
POST   /api/v1/support/tickets/{ticket_id}/assign                   status=None Idempotency-Key=nao required=[] responses=['200', '401', '403', '404', '409', '422']
POST   /api/v1/support/tickets/{ticket_id}/reconcile                status=None Idempotency-Key=nao required=[] responses=['200', '400', '401', '403', '404', '409', '422']
POST   /api/v1/support/tickets/{ticket_id}/resolve                  status=None Idempotency-Key=nao required=[] responses=['200', '401', '403', '404', '409', '422']
POST   /api/v1/workflow/tasks                                       status=201 Idempotency-Key=nao required=[] responses=['201', '401', '403', '404', '409', '422']
